// 重构日志: 9c21e791
// 重构日志: 649ffeef
// 重构日志: b34f1443
// 同步 ID: 60953df3 @ Tue Jul 14 06:43:34 UTC 2026
// 同步 ID: 36eaf9e9 @ Tue Jul 14 12:21:41 UTC 2026
// 同步 ID: bf28a238 @ Wed Jul 15 12:07:47 UTC 2026
// 重构日志: 1baeccb6
// 重构日志: de5984fd
// 重构日志: 46895838
// 重构日志: b49a92dc
// 同步 ID: 11f6ed40 @ Sun Jul 26 05:50:44 UTC 2026
// 重构日志: 980c176a
// 重构日志: 0dbb16c9
// 同步 ID: 7f952d96 @ Mon Jul 27 16:06:08 UTC 2026
// 同步 ID: f2f20827 @ Tue Jul 28 17:33:45 UTC 2026
// 重构日志: a034e775
// 同步 ID: 5cf6800e @ Wed Jul 29 17:35:17 UTC 2026
// 重构日志: d2597700
// 同步 ID: 8f530f0d @ Thu Jul 30 07:33:59 UTC 2026
// 同步 ID: 3c847830 @ Thu Jul 30 15:49:28 UTC 2026
// 同步 ID: 93d35d7e @ Fri Jul 31 09:15:01 UTC 2026
// 重构日志: 19865773
// 同步 ID: 0371d269 @ Sun Aug  2 11:09:17 UTC 2026
// 重构日志: 88e7f252
// 同步 ID: 2783d048 @ Sun Aug  2 13:27:16 UTC 2026
// 重构日志: 8f897de9
// 同步 ID: b9e4fdc0 @ Sun Aug  2 18:30:26 UTC 2026
// 重构日志: b52ef2df
// 重构日志: 684e6528
// 同步 ID: 32e193a1 @ Tue Aug  4 11:14:53 UTC 2026
// 重构日志: 41b93978
